[Bootstrap]
SetupTitle=Install
SetupText=Copying Files, please stand by.
CabFile=LS3.CAB
Spawn=Setup1.exe
Uninstal=st6unst.exe
TmpDir=msftqws.pdw
Cabs=1

[Bootstrap Files]
File1=@VB6STKIT.DLL,$(WinSysPathSysFile),,,6-18-98 12:00:00 AM,102912,6.0.81.69
File2=@COMCAT.DLL,$(WinSysPathSysFile),$(DLLSelfRegister),,5-31-98 12:00:00 AM,22288,4.71.1460.1
File3=@STDOLE2.TLB,$(WinSysPathSysFile),$(TLBRegister),,6-19-03 11:05:04 AM,16896,2.40.4522.0
File4=@ASYCFILT.DLL,$(WinSysPathSysFile),,,6-19-03 11:05:04 AM,143632,2.40.4522.0
File5=@OLEPRO32.DLL,$(WinSysPathSysFile),$(DLLSelfRegister),,6-19-03 11:05:04 AM,164112,5.0.4522.0
File6=@OLEAUT32.DLL,$(WinSysPathSysFile),$(DLLSelfRegister),,12-5-07 11:40:00 AM,631056,2.40.4532.0
File7=@MSVBVM60.DLL,$(WinSysPathSysFile),$(DLLSelfRegister),,2-22-04 11:00:00 PM,1386496,6.0.97.82

[IconGroups]
Group0=£ów S³ów 3.1
PrivateGroup0=True
Parent0=$(Programs)

[£ów S³ów 3.1]
Icon1="LowSlow.exe"
Title1=£ów S³ów 3.1
StartIn1=$(AppPath)

[Setup]
Title=£ów S³ów 3.1
DefaultDir=$(ProgramFiles)\£ów S³ów 3.2
AppExe=LS3.exe
AppToUninstall=LS3.exe

[Setup1 Files]
File1=@PolOld.jez,$(AppPath),,,11-26-01 12:07:46 PM,264,0.0.0.0
File2=@PolNew.jez,$(AppPath),,,11-26-01 12:08:22 PM,264,0.0.0.0
File3=@Jezyki.cfg,$(AppPath),,,1-1-06 12:41:04 PM,311,0.0.0.0
File4=@NODROP02.CUR,$(AppPath),,,4-24-98 1:00:00 AM,766,0.0.0.0
File5=@NODROP01.CUR,$(AppPath),,,4-24-98 1:00:00 AM,326,0.0.0.0
File6=@POD_1.BMP,$(AppPath),,,8-24-01 8:37:20 PM,3254,0.0.0.0
File7=@WYMIANA.BMP,$(AppPath),,,8-27-02 10:49:10 PM,11274,0.0.0.0
File8=@PASS.BMP,$(AppPath),,,8-27-02 10:47:44 PM,7182,0.0.0.0
File9=@OK.BMP,$(AppPath),,,8-27-02 10:44:32 PM,5598,0.0.0.0
File10=@HELP.TXT,$(AppPath),,,10-5-02 1:38:44 PM,1935,0.0.0.0
File11=@English.jez,$(AppPath),,,12-7-01 11:00:18 AM,232,0.0.0.0
File12=@ANULUJ.BMP,$(AppPath),,,8-27-02 10:46:34 PM,7842,0.0.0.0
File13=@10SEKUND.WAV,$(AppPath),,,10-30-01 10:58:48 AM,19542,0.0.0.0
File14=@mswinsck.ocx,$(WinSysPath),$(DLLSelfRegister),$(Shared),3-8-04 10:00:00 PM,124688,6.1.97.82
File15=@MSCOMCTL.OCX,$(WinSysPath),$(DLLSelfRegister),$(Shared),4-15-05 6:58:16 PM,1071088,6.1.97.86
File16=@COMDLG32.OCX,$(WinSysPath),$(DLLSelfRegister),$(Shared),5-7-99 9:00:00 AM,140288,6.0.84.18
File17=@msvcrt.dll,$(WinSysPathSysFile),,,6-19-03 11:05:04 AM,286773,6.1.9844.0
File18=@scrrun.dll,$(WinSysPath),$(DLLSelfRegister),$(Shared),6-26-01 3:39:42 PM,151601,5.6.0.6626
File19=@LowSlow.dll,$(WinSysPath),,$(Shared),10-4-02 12:51:20 PM,36864,0.0.0.0
File20=@LS3.exe,$(AppPath),,,12-26-08 6:16:46 PM,1003520,3.2.0.1

; The following lines may be deleted in order to obtain extra 
; space for customizing this file on a full installation diskette.
; 
; XXXXXXXXXXXXXXXXXXXXXXXXXXXXXXXXXXXXXXXXXXXXXXXXXXXXXXXXXXXX
; XXXXXXXXXXXXXXXXXXXXXXXXXXXXXXXXXXXXXXXXXXXXXXXXXXXXXXXXXXXX
; XXXXXXXXXXXXXXXXXXXXXXXXXXXXXXXXXXXXXXXXXXXXXXXXXXXXXXXXXXXX
; XXXXXXXXXXXXXXXXXXXXXXXXXXXXXXXXXXXXXXXXXXXXXXXXXXXXXXXXXXXX
; XXXXXXXXXXXXXXXXXXXXXXXXXXXXXXXXXXXXXXXXXXXXXXXXXXXXXXXXXXXX
; XXXXXXXXXXXXXXXXXXXXXXXXXXXXXXXXXXXXXXXXXXXXXXXXXXXXXXXXXXXX
; XXXXXXXXXXXXXXXXXXXXXXXXXXXXXXXXXXXXXXXXXXXXXXXXXXXXXXXXXXXX
; XXXXXXXXXXXXXXXXXXXXXXXXXXXXXXXXXXXXXXXXXXXXXXXXXXXXXXXXXXXX
; XXXXXXXXXXXXXXXXXXXXXXXXXXXXXXXXXXXXXXXXXXXXXXXXXXXXXXXXXXXX
; XXXXXXXXXXXXXXXXXXXXXXXXXXXXXXXXXXXXXXXXXXXXXXXXXXXXXXXXXXXX
; XXXXXXXXXXXXXXXXXXXXXXXXXXXXXXXXXXXXXXXXXXXXXXXXXXXXXXXXXXXX
; XXXXXXXXXXXXXXXXXXXXXXXXXXXXXXXXXXXXXXXXXXXXXXXXXXXXXXXXXXXX
; XXXXXXXXXXXXXXXXXXXXXXXXXXXXXXXXXXXXXXXXXXXXXXXXXXXXXXXXXXXX
; XXXXXXXXXXXXXXXXXXXXXXXXXXXXXXXXXXXXXXXXXXXXXXXXXXXXXXXXXXXX
; XXXXXXXXXXXXXXXXXXXXXXXXXXXXXXXXXXXXXXXXXXXXXXXXXXXXXXXXXXXX
; XXXXXXXXXXXXXXXXXXXXXXXXXXXXXXXXXXXXXXXXXXXXXXXXXXXXXXXXXXXX
; XXXXXXXXXXXXXXXXXXXXXXXXXXXXXXXXXXXXXXXXXXXXXXXXXXXXXXXXXXXX
; XXXXXXXXXXXXXXXXXXXXXXXXXXXXXXXXXXXXXXXXXXXXXXXXXXXXXXXXXXXX
; XXXXXXXXXXXXXXXXXXXXXXXXXXXXXXXXXXXXXXXXXXXXXXXXXXXXXXXXXXXX
; XXXXXXXXXXXXXXXXXXXXXXXXXXXXXXXXXXXXXXXXXXXXXXXXXXXXXXXXXXXX
; XXXXXXXXXXXXXXXXXXXXXXXXXXXXXXXXXXXXXXXXXXXXXXXXXXXXXXXXXXXX
; XXXXXXXXXXXXXXXXXXXXXXXXXXXXXXXXXXXXXXXXXXXXXXXXXXXXXXXXXXXX
; XXXXXXXXXXXXXXXXXXXXXXXXXXXXXXXXXXXXXXXXXXXXXXXXXXXXXXXXXXXX
; XXXXXXXXXXXXXXXXXXXXXXXXXXXXXXXXXXXXXXXXXXXXXXXXXXXXXXXXXXXX
; XXXXXXXXXXXXXXXXXXXXXXXXXXXXXXXXXXXXXXXXXXXXXXXXXXXXXXXXXXXX
; XXXXXXXXXXXXXXXXXXXXXXXXXXXXXXXXXXXXXXXXXXXXXXXXXXXXXXXXXXXX
; XXXXXXXXXXXXXXXXXXXXXXXXXXXXXXXXXXXXXXXXXXXXXXXXXXXXXXXXXXXX
; XXXXXXXXXXXXXXXXXXXXXXXXXXXXXXXXXXXXXXXXXXXXXXXXXXXXXXXXXXXX
; XXXXXXXXXXXXXXXXXXXXXXXXXXXXXXXXXXXXXXXXXXXXXXXXXXXXXXXXXXXX
; XXXXXXXXXXXXXXXXXXXXXXXXXXXXXXXXXXXXXXXXXXXXXXXXXXXXXXXXXXXX
; XXXXXXXXXXXXXXXXXXXXXXXXXXXXXXXXXXXXXXXXXXXXXXXXXXXXXXXXXXXX
; XXXXXXXXXXXXXXXXXXXXXXXXXXXXXXXXXXXXXXXXXXXXXXXXXXXXXXXXXXXX
; XXXXXXXXXXXXXXXXXXXXXXXXXXXXXXXXXXXXXXXXXXXXXXXXXXXXXXXXXXXX
; XXXXXXXXXXXXXXXXXXXXXXXXXXXXXXXXXXXXXXXXXXXXXXXXXXXXXXXXXXXX
; XXXXXXXXXXXXXXXXXXXXXXXXXXXXXXXXXXXXXXXXXXXXXXXXXXXXXXXXXXXX
